// Vitest Snapshot v1, https://vitest.dev/guide/snapshot.html

exports[`MusicPlayer renders correctly 1`] = `
<div>
  <div
    class="flex self-center mt-12 flex-col md:flex-row shadow-2xl"
  >
    <div
      class="p-3 flex-1"
    >
      <div>
        <div>
          <div>
            Not Found
          </div>
          <div>
            Not Found
          </div>
          <div>
            Not Found
          </div>
          <div
            class="flex-col flex items-center mt-6 pb-1.5"
          >
            <div
              class="w-96 flex justify-between gap-4"
            >
              <img
                alt="Volume icon"
                class="w-5"
                src="/src/assets/volume.svg"
              />
              <input
                class="w-full cursor-pointer caret-jacarta-800 bg-jacarta-800 accent-jacarta-800 rounded-lg"
                max="100"
                min="0"
                type="range"
              />
            </div>
          </div>
        </div>
      </div>
    </div>
    <div
      class="p-3 flex-1 relative"
    >
      <div>
        Not Found
      </div>
      <div
        class="absolute inset-0 flex md:flex-col"
      >
        <div
          class="flex-1 border-slate-300 md:border-l border-t md:border-t-0"
        />
      </div>
    </div>
  </div>
</div>
`;
